// Jest Snapshot v1, https://goo.gl/fbAQLP

exports[`InitialAccountBtns should match the snapshot 1`] = `"<div class=\\"userBtns\\"><h3>Hi, test!</h3><a class=\\"favoritesBtn\\" href=\\"/favorites\\">View Favorites</a><span> | </span><button>Sign Out</button></div>"`;
