// Jest Snapshot v1, https://goo.gl/fbAQLP

exports[`InitialAccountBtns should match the snapshot 1`] = `"<div><a href=\\"/login\\">Login</a><a href=\\"/signup\\">Sign Up</a></div>"`;
