// Jest Snapshot v1, https://goo.gl/fbAQLP

exports[`MovieCard MovieCard component should render a movieCard with the correct starColor 1`] = `undefined`;
